// Vitest Snapshot v1

exports[`App.vue > should render success 1`] = `
"<img alt=\\"Vue logo\\" src=\\"/src/assets/logo.png\\" />
<div>文章列表</div>
<div class=\\"post-item\\">first post title</div>
<div class=\\"post-item\\">second post title</div>
<hr />
<button class=\\"load-comment-button\\"> 加载评论 </button>
<button> 拷贝 </button>"
`;
